
[1m[34mÔòöÔòÉÔòÉÔòÉÔòÉÔòÉÔòÉÔòÉÔòÉÔòÉÔòÉÔòÉÔòÉÔòÉÔòÉÔòÉÔòÉÔòÉÔòÉÔòÉÔòÉÔòÉÔòÉÔòÉÔòÉÔòÉÔòÉÔòÉÔòÉÔòÉÔòÉÔòÉÔòÉÔòÉÔòÉÔòÉÔòÉÔòÉÔòÉÔòÉÔòÉÔòù[0m
[1m[34mÔòæ  BACKEND TEST SUITE - Hot and Cold API  Ôòæ[0m
[1m[34mÔòÜÔòÉÔòÉÔòÉÔòÉÔòÉÔòÉÔòÉÔòÉÔòÉÔòÉÔòÉÔòÉÔòÉÔòÉÔòÉÔòÉÔòÉÔòÉÔòÉÔòÉÔòÉÔòÉÔòÉÔòÉÔòÉÔòÉÔòÉÔòÉÔòÉÔòÉÔòÉÔòÉÔòÉÔòÉÔòÉÔòÉÔòÉÔòÉÔòÉÔòÉÔòØ[0m

[2mPuerto: 3000 | Modo: full | Timeout: 30000ms[0m

[33mÔÅ│ Esperando a que el servidor est├® listo...[0m

[1m[36m­ƒöî TESTS DE CONEXI├ôN[0m

  [36mServidor est├í activo en http://localhost:3000[0m ... [32mÔ£ô[0m

[1m[36m­ƒöÉ TESTS DE AUTENTICACI├ôN[0m

  [36mRegistrar usuario v├ílido[0m ... [32mÔ£ô[0m
  [36mRegistrar usuario duplicado debe fallar[0m ... [32mÔ£ô[0m
  [36mRegistrar sin username debe fallar[0m ... [32mÔ£ô[0m
  [36mLogin con credenciales v├ílidas[0m ... [32mÔ£ô[0m
  [36mLogin con contrase├▒a incorrecta debe fallar[0m ... [32mÔ£ô[0m
  [36mLogin con usuario no existente debe fallar[0m ... [32mÔ£ô[0m

[1m[36m­ƒôº TESTS DE CONTACTO[0m

  [36mEnviar cotizaci├│n v├ílida[0m ... [32mÔ£ô[0m
  [36mCotizaci├│n sin nombre debe fallar[0m ... [32mÔ£ô[0m
  [36mEnviar mensaje de contacto v├ílido[0m ... [32mÔ£ô[0m
  [36mMensaje sin email debe fallar[0m ... [32mÔ£ô[0m

[1mRESUMEN[0m
Total: 11
[32mPasaron: 11[0m
[31mFallaron: 0[0m

[32mÔ£ô TODOS LOS TESTS PASARON[0m

